// Jest Snapshot v1, https://goo.gl/fbAQLP

exports[`Home Home Should Match Snapshot 1`] = `
<div
  className="sc-gzVnrw fxpRuc"
>
  <div
    className="sc-dnqmqq kChQzR"
  >
    <div
      className="sc-htoDjs tbauv"
    >
      <p>
        Hello, I am
      </p>
    </div>
    <h1>
      Noble Obioma
    </h1>
    <p>
      Software Engineer
    </p>
  </div>
  <div
    className="sc-bdVaJa cdJaUk"
  >
    <img
      alt="Noble Obioma's Avatar"
      src="avatar.jpg"
    />
  </div>
</div>
`;
